19:46 ShiveKey  : ?
20:18 ShiveKey  : 666
20:18 Ru_xin    : 很奇怪
20:18 Ru_xin    : bot进不来
20:19 ShiveKey  : 估计是脚本问题
20:19 ShiveKey  : 给你op了
20:20 Ru_xin    : wwww
20:20 ShiveKey  : 我说./eco give可以自己给(
20:22 ShiveKey  : 无敌了发包踢
20:24 Ru_xin    : 为什么不能炸
20:24 ShiveKey  : 插件
20:24 Ru_xin    : tnt不能引燃吗
20:25 Ru_xin    : ...
20:25 Ru_xin    : 不是这个脚本
20:25 Ru_xin    : 直接连到我的服了
20:25 ShiveKey  : 666
20:25 ShiveKey  : 25565说是
20:26 ShiveKey  : 奇了怪了
20:26 ShiveKey  : 调配置也不炸
20:26 Ru_xin    : 有装啥插件
20:26 Ru_xin    : 发我一下
20:30 ShiveKey  : 发了
20:32 Ru_xin    : e
20:32 Ru_xin    : 我怎么延迟这么高
20:32 ShiveKey  : 我看看我是什么ip
20:40 Ru_xin    : 问题好多。。。
20:40 Ru_xin    : 还得改编码
20:40 ShiveKey  : e
20:40 Ru_xin    : 受不了了
20:40 ShiveKey  : 先搞下这个b经济系统罢
20:41 Ru_xin    : 想咋高
20:41 ShiveKey  : 搞个点券圈钱
20:43 ShiveKey  : 1
20:43 Ru_xin    : 怎么进不去survival。。。
20:44 ShiveKey  : 先/reg注册
20:45 ShiveKey  : 我加个点券插件
21:02 Ru_xin    : ds v4 flash好笨。。。。
21:02 ShiveKey  : 用r1 awa
22:50 ShiveKey  : 可以了
22:53 Fashiye_xico: ？
22:53 Fashiye_xico: 新服啊
22:53 ShiveKey    : Lyn说要开新的(
22:53 Fashiye_xico: 咋还有电卷
22:54 ShiveKey    : 可以圈钱😋
22:54 Fashiye_xico: 666
22:54 Fashiye_xico: 不搞生电了/
22:55 Fashiye_xico: 不搞生电了？
22:55 ShiveKey    : 生电没人玩
22:55 Fashiye_xico: 666
22:56 Fashiye_xico: 哇
22:56 Fashiye_xico: 这么全面吗
22:57 Fashiye_xico: 666
22:58 ShiveKey    : hyw
22:58 Fashiye_xico: 666
