00:11 Fashiye_xico: 服务器有git吗
00:11 ShiveKey    : no
00:11 Fashiye_xico: 按一个
00:11 ShiveKey    : buhui
00:11 Fashiye_xico: 6
00:11 Fashiye_xico: 直接下exe运行就行
00:12 Fashiye_xico: 拉配置
00:12 Fashiye_xico: 直接仓库里改
00:12 Fashiye_xico: 对
00:12 Fashiye_xico: 还方便
00:12 ShiveKey    : 有道理
00:12 ShiveKey    : 但我不会配置
00:13 Fashiye_xico: 招管理直接给仓库puling权限
00:13 Fashiye_xico: ai
00:13 ShiveKey    : ai全错的
00:13 Fashiye_xico: 相信ai
00:14 ShiveKey    : (
00:14 ShiveKey    : 帮我搞下要不
00:15 ShiveKey    : git从来没用明白过
00:15 Fashiye_xico: 行
00:15 ShiveKey    : 欸
